// Jest Snapshot v1, https://goo.gl/fbAQLP

exports[`renders correctly when there are no tasks 1`] = `
<button
  className="button"
  disabled={false}
>
  <strong>
    test string
  </strong>
</button>
`;
